[2026-03-03T11:36:29.010Z] --- START import-onside-backstage-leads ---
[2026-03-03T11:36:29.010Z] Mode dryRun=false confirm=true
[2026-03-03T11:36:29.010Z] Input A:\develop\lead-flow-app\2026-01-23T01_41_42.565Z Onside Ltda - Backstage Club - Select - Outbound (1).xlsx
[2026-03-03T11:36:29.792Z] OK create row=4 leadId=f8023c28-a229-485c-b320-ea64c356f1bf assignedTo=35df9767-5413-4ddb-b360-4f3d585db38f closerId=c31d51be-0ced-418c-b353-026cb667a864
[2026-03-03T11:36:30.113Z] OK create row=5 leadId=8572b8af-86eb-4cb1-9bff-8f67fa617325 assignedTo=05750ae8-e9bd-4635-8988-b042b3b83c40 closerId=1b1cc33f-1aea-4877-bc53-ca49d52ee764
[2026-03-03T11:36:30.435Z] OK create row=6 leadId=78c5da27-4320-4007-b97c-2a89d8293545 assignedTo=87daaaca-41f4-475e-9304-d23bb7f0085c closerId=26b6c2d6-6377-45ac-a760-9705984ac6f8
[2026-03-03T11:36:30.773Z] OK create row=7 leadId=6b7348d2-7ce2-4377-8822-e88d7f9e6838 assignedTo=84183a6a-71f1-48b5-a6a7-4b3ccbc7e16b closerId=7d20b50d-819e-4f41-82bf-898511aab581
[2026-03-03T11:36:31.103Z] OK create row=8 leadId=d11a7f67-710e-4cd1-baaf-00ed2a3fe554 assignedTo=35df9767-5413-4ddb-b360-4f3d585db38f closerId=c31d51be-0ced-418c-b353-026cb667a864
[2026-03-03T11:36:31.432Z] OK create row=9 leadId=001a40a2-bc71-4596-b43e-ce2a69604ac7 assignedTo=05750ae8-e9bd-4635-8988-b042b3b83c40 closerId=1b1cc33f-1aea-4877-bc53-ca49d52ee764
[2026-03-03T11:36:31.771Z] OK create row=10 leadId=b0dd4939-c537-4cbe-b844-833882b09e41 assignedTo=87daaaca-41f4-475e-9304-d23bb7f0085c closerId=26b6c2d6-6377-45ac-a760-9705984ac6f8
[2026-03-03T11:36:32.131Z] OK create row=11 leadId=34e10afe-52fa-4a51-ad4b-28578d97269a assignedTo=84183a6a-71f1-48b5-a6a7-4b3ccbc7e16b closerId=7d20b50d-819e-4f41-82bf-898511aab581
[2026-03-03T11:36:32.491Z] OK create row=12 leadId=ad9ca63f-b8d1-4b56-b690-fadeb3f251c3 assignedTo=35df9767-5413-4ddb-b360-4f3d585db38f closerId=c31d51be-0ced-418c-b353-026cb667a864
[2026-03-03T11:36:32.829Z] OK create row=13 leadId=8b42a77e-d788-40e2-8582-41335b49dabe assignedTo=05750ae8-e9bd-4635-8988-b042b3b83c40 closerId=1b1cc33f-1aea-4877-bc53-ca49d52ee764
[2026-03-03T11:36:33.162Z] OK create row=14 leadId=48972654-e369-43cb-953e-00b41420b537 assignedTo=87daaaca-41f4-475e-9304-d23bb7f0085c closerId=26b6c2d6-6377-45ac-a760-9705984ac6f8
[2026-03-03T11:36:33.485Z] OK create row=15 leadId=21ceeab9-4e21-41ac-b5a4-473bc7c8140d assignedTo=84183a6a-71f1-48b5-a6a7-4b3ccbc7e16b closerId=7d20b50d-819e-4f41-82bf-898511aab581
[2026-03-03T11:36:33.828Z] OK create row=16 leadId=ac25d4db-e5d3-4e13-b4f1-a7e0a1a9d7a9 assignedTo=35df9767-5413-4ddb-b360-4f3d585db38f closerId=c31d51be-0ced-418c-b353-026cb667a864
[2026-03-03T11:36:34.149Z] OK create row=17 leadId=f236f0f6-376b-49bd-9d89-1b63aa831e8e assignedTo=05750ae8-e9bd-4635-8988-b042b3b83c40 closerId=1b1cc33f-1aea-4877-bc53-ca49d52ee764
[2026-03-03T11:36:34.494Z] OK create row=18 leadId=9b442061-f208-407b-9ed6-73f179b9a7c4 assignedTo=87daaaca-41f4-475e-9304-d23bb7f0085c closerId=26b6c2d6-6377-45ac-a760-9705984ac6f8
[2026-03-03T11:36:34.844Z] OK create row=19 leadId=1fd89d64-b39d-425f-b45e-87d22d0c1485 assignedTo=84183a6a-71f1-48b5-a6a7-4b3ccbc7e16b closerId=7d20b50d-819e-4f41-82bf-898511aab581
[2026-03-03T11:36:35.185Z] OK create row=20 leadId=5f1e68ae-fa81-4f81-a419-b1aa0fd937ed assignedTo=35df9767-5413-4ddb-b360-4f3d585db38f closerId=c31d51be-0ced-418c-b353-026cb667a864
[2026-03-03T11:36:35.502Z] OK create row=21 leadId=99b92c06-de5a-45e8-bd58-560e1009f6ed assignedTo=05750ae8-e9bd-4635-8988-b042b3b83c40 closerId=1b1cc33f-1aea-4877-bc53-ca49d52ee764
[2026-03-03T11:36:35.820Z] OK create row=22 leadId=14e83b35-ade7-4e71-aa8f-e0250c92f70d assignedTo=87daaaca-41f4-475e-9304-d23bb7f0085c closerId=26b6c2d6-6377-45ac-a760-9705984ac6f8
[2026-03-03T11:36:36.146Z] OK create row=23 leadId=7a2ad011-9881-42c1-abe4-a810f08a434c assignedTo=84183a6a-71f1-48b5-a6a7-4b3ccbc7e16b closerId=7d20b50d-819e-4f41-82bf-898511aab581
[2026-03-03T11:36:36.479Z] OK create row=24 leadId=5b5f1889-28fd-4766-ae3c-fc1f3b34461b assignedTo=35df9767-5413-4ddb-b360-4f3d585db38f closerId=c31d51be-0ced-418c-b353-026cb667a864
[2026-03-03T11:36:36.818Z] OK create row=25 leadId=ab379c8b-e8e3-4930-9443-91777dedd988 assignedTo=05750ae8-e9bd-4635-8988-b042b3b83c40 closerId=1b1cc33f-1aea-4877-bc53-ca49d52ee764
[2026-03-03T11:36:37.166Z] OK create row=26 leadId=856d58ee-4290-45e8-91c1-9a51fefe317b assignedTo=87daaaca-41f4-475e-9304-d23bb7f0085c closerId=26b6c2d6-6377-45ac-a760-9705984ac6f8
[2026-03-03T11:36:37.520Z] OK create row=27 leadId=6e17c4f4-c304-40d8-b154-f1d7e966a852 assignedTo=84183a6a-71f1-48b5-a6a7-4b3ccbc7e16b closerId=7d20b50d-819e-4f41-82bf-898511aab581
[2026-03-03T11:36:37.854Z] OK create row=28 leadId=69362ab0-6b22-48a9-9d6e-063dee596c2f assignedTo=35df9767-5413-4ddb-b360-4f3d585db38f closerId=c31d51be-0ced-418c-b353-026cb667a864
[2026-03-03T11:36:38.191Z] OK create row=29 leadId=930a5edf-0438-444b-b586-7b454cbe11ea assignedTo=05750ae8-e9bd-4635-8988-b042b3b83c40 closerId=1b1cc33f-1aea-4877-bc53-ca49d52ee764
[2026-03-03T11:36:38.534Z] OK create row=30 leadId=5f4f59e9-ca1a-4d40-88b9-0c88775fdc9c assignedTo=87daaaca-41f4-475e-9304-d23bb7f0085c closerId=26b6c2d6-6377-45ac-a760-9705984ac6f8
[2026-03-03T11:36:38.844Z] OK create row=31 leadId=efb70c2f-c5fe-47ac-bf8f-08396b3e1711 assignedTo=84183a6a-71f1-48b5-a6a7-4b3ccbc7e16b closerId=7d20b50d-819e-4f41-82bf-898511aab581
[2026-03-03T11:36:39.174Z] OK create row=32 leadId=ecb0b811-71d2-4b80-87f7-2195db8c611c assignedTo=35df9767-5413-4ddb-b360-4f3d585db38f closerId=c31d51be-0ced-418c-b353-026cb667a864
[2026-03-03T11:36:39.488Z] OK create row=33 leadId=bc1d8d06-5e71-47a8-9da7-83d02e8cf0cf assignedTo=05750ae8-e9bd-4635-8988-b042b3b83c40 closerId=1b1cc33f-1aea-4877-bc53-ca49d52ee764
[2026-03-03T11:36:39.821Z] OK create row=34 leadId=a7f20ac4-9764-421d-9f97-b296d674d17a assignedTo=87daaaca-41f4-475e-9304-d23bb7f0085c closerId=26b6c2d6-6377-45ac-a760-9705984ac6f8
[2026-03-03T11:36:40.169Z] OK create row=35 leadId=63752d87-4769-4c05-a257-c96613d05e97 assignedTo=84183a6a-71f1-48b5-a6a7-4b3ccbc7e16b closerId=7d20b50d-819e-4f41-82bf-898511aab581
[2026-03-03T11:36:40.515Z] OK create row=36 leadId=575a62b7-c67d-4335-9bcd-fe17855682a7 assignedTo=35df9767-5413-4ddb-b360-4f3d585db38f closerId=c31d51be-0ced-418c-b353-026cb667a864
[2026-03-03T11:36:40.869Z] OK create row=37 leadId=b42c4c79-257e-4e9d-8328-0ef22d128c51 assignedTo=05750ae8-e9bd-4635-8988-b042b3b83c40 closerId=1b1cc33f-1aea-4877-bc53-ca49d52ee764
[2026-03-03T11:36:41.224Z] OK create row=38 leadId=d2b2ab87-7a7f-484f-a00b-71966411316b assignedTo=87daaaca-41f4-475e-9304-d23bb7f0085c closerId=26b6c2d6-6377-45ac-a760-9705984ac6f8
[2026-03-03T11:36:41.561Z] OK create row=39 leadId=dc506634-149c-4526-b375-71d8f6b488b8 assignedTo=84183a6a-71f1-48b5-a6a7-4b3ccbc7e16b closerId=7d20b50d-819e-4f41-82bf-898511aab581
[2026-03-03T11:36:41.891Z] OK create row=40 leadId=2ae68b42-a472-438c-ac2f-c8ca2eadb0a6 assignedTo=35df9767-5413-4ddb-b360-4f3d585db38f closerId=c31d51be-0ced-418c-b353-026cb667a864
[2026-03-03T11:36:42.242Z] OK create row=41 leadId=2a190791-5361-4d35-9604-1883e38592cf assignedTo=05750ae8-e9bd-4635-8988-b042b3b83c40 closerId=1b1cc33f-1aea-4877-bc53-ca49d52ee764
[2026-03-03T11:36:42.594Z] OK create row=42 leadId=89255e25-bf67-4b16-acbf-cbb1c206d355 assignedTo=87daaaca-41f4-475e-9304-d23bb7f0085c closerId=26b6c2d6-6377-45ac-a760-9705984ac6f8
[2026-03-03T11:36:42.942Z] OK create row=43 leadId=e67ae9de-0120-4c5c-b9a8-016d239f234e assignedTo=84183a6a-71f1-48b5-a6a7-4b3ccbc7e16b closerId=7d20b50d-819e-4f41-82bf-898511aab581
[2026-03-03T11:36:43.291Z] OK create row=44 leadId=c7f3269d-2b01-412c-a1b8-9a9640fb1de8 assignedTo=35df9767-5413-4ddb-b360-4f3d585db38f closerId=c31d51be-0ced-418c-b353-026cb667a864
[2026-03-03T11:36:43.653Z] OK create row=45 leadId=78558444-a7be-4a89-ba02-e60411375192 assignedTo=05750ae8-e9bd-4635-8988-b042b3b83c40 closerId=1b1cc33f-1aea-4877-bc53-ca49d52ee764
[2026-03-03T11:36:44.002Z] OK create row=46 leadId=9cb4b9f1-c2ea-44a7-b6ce-8e9a22e55ce2 assignedTo=87daaaca-41f4-475e-9304-d23bb7f0085c closerId=26b6c2d6-6377-45ac-a760-9705984ac6f8
[2026-03-03T11:36:44.332Z] OK create row=47 leadId=1e76c1af-0feb-49c1-ac2c-f5efe9919827 assignedTo=84183a6a-71f1-48b5-a6a7-4b3ccbc7e16b closerId=7d20b50d-819e-4f41-82bf-898511aab581
[2026-03-03T11:36:44.699Z] OK create row=48 leadId=e4490b4f-dade-4e8a-ba74-c408eb2d47dc assignedTo=35df9767-5413-4ddb-b360-4f3d585db38f closerId=c31d51be-0ced-418c-b353-026cb667a864
[2026-03-03T11:36:45.041Z] OK create row=49 leadId=78c0514b-cce0-479f-8447-c0bb5b6b9b0e assignedTo=05750ae8-e9bd-4635-8988-b042b3b83c40 closerId=1b1cc33f-1aea-4877-bc53-ca49d52ee764
[2026-03-03T11:36:45.380Z] OK create row=50 leadId=a962368f-96cf-49bb-bb66-503c5da09ce8 assignedTo=87daaaca-41f4-475e-9304-d23bb7f0085c closerId=26b6c2d6-6377-45ac-a760-9705984ac6f8
[2026-03-03T11:36:45.704Z] OK create row=51 leadId=d2e531e2-69d6-4ab4-b03b-2a3e69f0025d assignedTo=84183a6a-71f1-48b5-a6a7-4b3ccbc7e16b closerId=7d20b50d-819e-4f41-82bf-898511aab581
[2026-03-03T11:36:46.023Z] OK create row=52 leadId=7b7639db-4090-4763-90f6-0fb4b75108e7 assignedTo=35df9767-5413-4ddb-b360-4f3d585db38f closerId=c31d51be-0ced-418c-b353-026cb667a864
[2026-03-03T11:36:46.348Z] OK create row=53 leadId=34822c25-f77f-4faf-8fff-e389dcba7709 assignedTo=05750ae8-e9bd-4635-8988-b042b3b83c40 closerId=1b1cc33f-1aea-4877-bc53-ca49d52ee764
[2026-03-03T11:36:46.668Z] OK create row=54 leadId=d12e3cfb-0845-4af2-867e-d8ce74486b63 assignedTo=87daaaca-41f4-475e-9304-d23bb7f0085c closerId=26b6c2d6-6377-45ac-a760-9705984ac6f8
[2026-03-03T11:36:46.992Z] OK create row=55 leadId=50444e62-e228-46cb-9c41-8856e92b25f2 assignedTo=84183a6a-71f1-48b5-a6a7-4b3ccbc7e16b closerId=7d20b50d-819e-4f41-82bf-898511aab581
[2026-03-03T11:36:47.306Z] OK create row=56 leadId=d6fcaeef-5d7f-4d00-b7c3-272bcfd52a94 assignedTo=35df9767-5413-4ddb-b360-4f3d585db38f closerId=c31d51be-0ced-418c-b353-026cb667a864
[2026-03-03T11:36:47.636Z] OK create row=57 leadId=b62a9336-8b99-4ea4-9b5e-55f45f7f7ca9 assignedTo=05750ae8-e9bd-4635-8988-b042b3b83c40 closerId=1b1cc33f-1aea-4877-bc53-ca49d52ee764
[2026-03-03T11:36:47.958Z] OK create row=58 leadId=e1fb346f-8a3a-4f96-b658-2ffda4d4e558 assignedTo=87daaaca-41f4-475e-9304-d23bb7f0085c closerId=26b6c2d6-6377-45ac-a760-9705984ac6f8
[2026-03-03T11:36:48.292Z] OK create row=59 leadId=215ffcc6-852b-43b3-948e-e672afe16fcf assignedTo=84183a6a-71f1-48b5-a6a7-4b3ccbc7e16b closerId=7d20b50d-819e-4f41-82bf-898511aab581
[2026-03-03T11:36:48.635Z] OK create row=60 leadId=297634c3-164d-4aec-ade0-88e4c4c24f82 assignedTo=35df9767-5413-4ddb-b360-4f3d585db38f closerId=c31d51be-0ced-418c-b353-026cb667a864
[2026-03-03T11:36:48.977Z] OK create row=61 leadId=b85bd8bc-d606-43af-b7b1-c2d70dbc41ff assignedTo=05750ae8-e9bd-4635-8988-b042b3b83c40 closerId=1b1cc33f-1aea-4877-bc53-ca49d52ee764
[2026-03-03T11:36:49.330Z] OK create row=62 leadId=65ff83c8-6e34-4412-90e0-7d403da161ab assignedTo=87daaaca-41f4-475e-9304-d23bb7f0085c closerId=26b6c2d6-6377-45ac-a760-9705984ac6f8
[2026-03-03T11:36:49.675Z] OK create row=63 leadId=219a646a-fc11-4ac8-99d3-f11b1975a7b5 assignedTo=84183a6a-71f1-48b5-a6a7-4b3ccbc7e16b closerId=7d20b50d-819e-4f41-82bf-898511aab581
[2026-03-03T11:36:50.000Z] OK create row=64 leadId=79e295b9-5fdf-4b99-aeae-2af829f068ba assignedTo=35df9767-5413-4ddb-b360-4f3d585db38f closerId=c31d51be-0ced-418c-b353-026cb667a864
[2026-03-03T11:36:50.323Z] OK create row=65 leadId=f16d7305-0cd4-4cc6-9683-bafe9869de85 assignedTo=05750ae8-e9bd-4635-8988-b042b3b83c40 closerId=1b1cc33f-1aea-4877-bc53-ca49d52ee764
[2026-03-03T11:36:50.640Z] OK create row=66 leadId=c01b8ead-15ca-4fcc-add7-d42650915526 assignedTo=87daaaca-41f4-475e-9304-d23bb7f0085c closerId=26b6c2d6-6377-45ac-a760-9705984ac6f8
[2026-03-03T11:36:50.935Z] OK create row=67 leadId=a87edb9c-7d19-4c3d-a8b7-a9724719f077 assignedTo=84183a6a-71f1-48b5-a6a7-4b3ccbc7e16b closerId=7d20b50d-819e-4f41-82bf-898511aab581
[2026-03-03T11:36:50.936Z] SKIP duplicate row=68 name="Joyce"
[2026-03-03T11:36:51.242Z] OK create row=69 leadId=0930c4c2-5c7e-474d-a2ec-b64a4484ad2b assignedTo=35df9767-5413-4ddb-b360-4f3d585db38f closerId=c31d51be-0ced-418c-b353-026cb667a864
[2026-03-03T11:36:51.556Z] OK create row=70 leadId=ebbb9028-a330-417d-9377-7a2d677d01a2 assignedTo=05750ae8-e9bd-4635-8988-b042b3b83c40 closerId=1b1cc33f-1aea-4877-bc53-ca49d52ee764
[2026-03-03T11:36:51.893Z] OK create row=71 leadId=29d1e621-ed15-4c67-9696-c95627719ce1 assignedTo=87daaaca-41f4-475e-9304-d23bb7f0085c closerId=26b6c2d6-6377-45ac-a760-9705984ac6f8
[2026-03-03T11:36:52.250Z] OK create row=72 leadId=1c19422b-70cd-4c2a-b409-4aa11a318f7f assignedTo=84183a6a-71f1-48b5-a6a7-4b3ccbc7e16b closerId=7d20b50d-819e-4f41-82bf-898511aab581
[2026-03-03T11:36:52.596Z] OK create row=73 leadId=3a9874c9-814e-41db-88dc-ad8a252dad57 assignedTo=35df9767-5413-4ddb-b360-4f3d585db38f closerId=c31d51be-0ced-418c-b353-026cb667a864
[2026-03-03T11:36:52.925Z] OK create row=74 leadId=0edf3a22-ca1a-4104-b986-83ce6bf48c74 assignedTo=05750ae8-e9bd-4635-8988-b042b3b83c40 closerId=1b1cc33f-1aea-4877-bc53-ca49d52ee764
[2026-03-03T11:36:53.263Z] OK create row=75 leadId=7822505b-f34b-40b2-a9b0-a1395d31b0fb assignedTo=87daaaca-41f4-475e-9304-d23bb7f0085c closerId=26b6c2d6-6377-45ac-a760-9705984ac6f8
[2026-03-03T11:36:53.601Z] OK create row=76 leadId=4c2ee98a-259a-497d-9a4a-8bba726af601 assignedTo=84183a6a-71f1-48b5-a6a7-4b3ccbc7e16b closerId=7d20b50d-819e-4f41-82bf-898511aab581
[2026-03-03T11:36:53.949Z] OK create row=77 leadId=c30c9689-1871-47a3-b94f-3eb725110d52 assignedTo=35df9767-5413-4ddb-b360-4f3d585db38f closerId=c31d51be-0ced-418c-b353-026cb667a864
[2026-03-03T11:36:54.291Z] OK create row=78 leadId=5bc706da-9bfe-473d-b93b-03a283ffd600 assignedTo=05750ae8-e9bd-4635-8988-b042b3b83c40 closerId=1b1cc33f-1aea-4877-bc53-ca49d52ee764
[2026-03-03T11:36:54.636Z] OK create row=79 leadId=83733d10-a4a7-49e3-8238-cb87a77f5968 assignedTo=87daaaca-41f4-475e-9304-d23bb7f0085c closerId=26b6c2d6-6377-45ac-a760-9705984ac6f8
[2026-03-03T11:36:54.993Z] OK create row=80 leadId=97b62dfd-a300-4705-bddb-afb22c7feef9 assignedTo=84183a6a-71f1-48b5-a6a7-4b3ccbc7e16b closerId=7d20b50d-819e-4f41-82bf-898511aab581
[2026-03-03T11:36:55.358Z] OK create row=81 leadId=7f5261f2-9275-48ec-bbe9-5b38ed30515f assignedTo=35df9767-5413-4ddb-b360-4f3d585db38f closerId=c31d51be-0ced-418c-b353-026cb667a864
[2026-03-03T11:36:55.716Z] OK create row=82 leadId=c61abb6e-cc70-4277-86e2-74cdf2a48172 assignedTo=05750ae8-e9bd-4635-8988-b042b3b83c40 closerId=1b1cc33f-1aea-4877-bc53-ca49d52ee764
[2026-03-03T11:36:56.070Z] OK create row=83 leadId=e9eccc22-c3f7-4570-8552-8234f5eb64f8 assignedTo=87daaaca-41f4-475e-9304-d23bb7f0085c closerId=26b6c2d6-6377-45ac-a760-9705984ac6f8
[2026-03-03T11:36:56.415Z] OK create row=84 leadId=d717b85c-4d36-43f7-b49f-9d14fd944762 assignedTo=84183a6a-71f1-48b5-a6a7-4b3ccbc7e16b closerId=7d20b50d-819e-4f41-82bf-898511aab581
[2026-03-03T11:36:56.757Z] OK create row=85 leadId=391be488-9f6c-4670-8e85-f0d55aedc5c2 assignedTo=35df9767-5413-4ddb-b360-4f3d585db38f closerId=c31d51be-0ced-418c-b353-026cb667a864
[2026-03-03T11:36:57.087Z] OK create row=86 leadId=5f9a0182-0b47-4194-ab09-0b415f9c7b1c assignedTo=05750ae8-e9bd-4635-8988-b042b3b83c40 closerId=1b1cc33f-1aea-4877-bc53-ca49d52ee764
[2026-03-03T11:36:57.429Z] OK create row=87 leadId=e171bf2a-24e6-4766-896b-eeb0206b7692 assignedTo=87daaaca-41f4-475e-9304-d23bb7f0085c closerId=26b6c2d6-6377-45ac-a760-9705984ac6f8
[2026-03-03T11:36:57.765Z] OK create row=88 leadId=6d9a1c44-9540-4ec0-a129-3d99608885fd assignedTo=84183a6a-71f1-48b5-a6a7-4b3ccbc7e16b closerId=7d20b50d-819e-4f41-82bf-898511aab581
[2026-03-03T11:36:58.085Z] OK create row=89 leadId=6cbd2fbc-d9ed-4613-800b-0ca5ce4c2661 assignedTo=35df9767-5413-4ddb-b360-4f3d585db38f closerId=c31d51be-0ced-418c-b353-026cb667a864
[2026-03-03T11:36:58.380Z] OK create row=90 leadId=8d1374d8-fd78-45a1-a562-06dc8d4ec7d0 assignedTo=05750ae8-e9bd-4635-8988-b042b3b83c40 closerId=1b1cc33f-1aea-4877-bc53-ca49d52ee764
[2026-03-03T11:36:58.709Z] OK create row=91 leadId=8c17eab0-05bd-41fd-b869-be1ab53e453e assignedTo=87daaaca-41f4-475e-9304-d23bb7f0085c closerId=26b6c2d6-6377-45ac-a760-9705984ac6f8
[2026-03-03T11:36:59.052Z] OK create row=92 leadId=ab5e723c-bbc4-4ac6-8beb-318ceb3c1958 assignedTo=84183a6a-71f1-48b5-a6a7-4b3ccbc7e16b closerId=7d20b50d-819e-4f41-82bf-898511aab581
[2026-03-03T11:36:59.408Z] OK create row=93 leadId=c619492a-7cae-44fa-a9a5-fe72a90504fb assignedTo=35df9767-5413-4ddb-b360-4f3d585db38f closerId=c31d51be-0ced-418c-b353-026cb667a864
[2026-03-03T11:36:59.773Z] OK create row=94 leadId=3e986278-3521-4b70-9d51-8c53d8282511 assignedTo=05750ae8-e9bd-4635-8988-b042b3b83c40 closerId=1b1cc33f-1aea-4877-bc53-ca49d52ee764
[2026-03-03T11:37:00.111Z] OK create row=95 leadId=59b575c6-de4a-4e82-a0a1-cc2765f1a13a assignedTo=87daaaca-41f4-475e-9304-d23bb7f0085c closerId=26b6c2d6-6377-45ac-a760-9705984ac6f8
[2026-03-03T11:37:00.460Z] OK create row=96 leadId=d6c65297-a662-4fb6-b537-f4b2feab78e1 assignedTo=84183a6a-71f1-48b5-a6a7-4b3ccbc7e16b closerId=7d20b50d-819e-4f41-82bf-898511aab581
[2026-03-03T11:37:00.802Z] OK create row=97 leadId=cb36465d-1eb2-4b2d-8737-ff3b7d009bc2 assignedTo=35df9767-5413-4ddb-b360-4f3d585db38f closerId=c31d51be-0ced-418c-b353-026cb667a864
[2026-03-03T11:37:01.135Z] OK create row=98 leadId=ab6d05ca-c54a-492a-802b-c28c212113d2 assignedTo=05750ae8-e9bd-4635-8988-b042b3b83c40 closerId=1b1cc33f-1aea-4877-bc53-ca49d52ee764
[2026-03-03T11:37:01.468Z] OK create row=99 leadId=4268694b-86b5-4362-b960-bc499c0367a2 assignedTo=87daaaca-41f4-475e-9304-d23bb7f0085c closerId=26b6c2d6-6377-45ac-a760-9705984ac6f8
[2026-03-03T11:37:01.794Z] OK create row=100 leadId=4bcfab1f-7ac7-4f0c-a91f-486f2ab480c2 assignedTo=84183a6a-71f1-48b5-a6a7-4b3ccbc7e16b closerId=7d20b50d-819e-4f41-82bf-898511aab581
[2026-03-03T11:37:02.119Z] OK create row=101 leadId=d71c596e-8310-44d7-b91f-c93f70aafb1e assignedTo=35df9767-5413-4ddb-b360-4f3d585db38f closerId=c31d51be-0ced-418c-b353-026cb667a864
[2026-03-03T11:37:02.450Z] OK create row=102 leadId=949b789a-e0f8-469f-9910-168272b43ad7 assignedTo=05750ae8-e9bd-4635-8988-b042b3b83c40 closerId=1b1cc33f-1aea-4877-bc53-ca49d52ee764
[2026-03-03T11:37:02.771Z] OK create row=103 leadId=d179e114-d1c3-4785-b311-cba02c83cb4a assignedTo=87daaaca-41f4-475e-9304-d23bb7f0085c closerId=26b6c2d6-6377-45ac-a760-9705984ac6f8
[2026-03-03T11:37:03.097Z] OK create row=104 leadId=eeb8b12b-4c16-49b1-9783-a26905dd6d7b assignedTo=84183a6a-71f1-48b5-a6a7-4b3ccbc7e16b closerId=7d20b50d-819e-4f41-82bf-898511aab581
[2026-03-03T11:37:03.427Z] OK create row=105 leadId=e0f3e592-1e8c-4381-9d0c-d92e1422b190 assignedTo=35df9767-5413-4ddb-b360-4f3d585db38f closerId=c31d51be-0ced-418c-b353-026cb667a864
[2026-03-03T11:37:03.745Z] OK create row=106 leadId=49434d43-1aa9-429b-a23d-361e11491bdb assignedTo=05750ae8-e9bd-4635-8988-b042b3b83c40 closerId=1b1cc33f-1aea-4877-bc53-ca49d52ee764
[2026-03-03T11:37:04.059Z] OK create row=107 leadId=d6f174b7-5a93-445e-a9b7-13ed103535de assignedTo=87daaaca-41f4-475e-9304-d23bb7f0085c closerId=26b6c2d6-6377-45ac-a760-9705984ac6f8
[2026-03-03T11:37:04.392Z] OK create row=108 leadId=aa3106ab-7d8a-40dd-9730-3e370099f569 assignedTo=84183a6a-71f1-48b5-a6a7-4b3ccbc7e16b closerId=7d20b50d-819e-4f41-82bf-898511aab581
[2026-03-03T11:37:04.729Z] OK create row=109 leadId=477d1092-d51b-4df5-8b74-e2a17e31e7cc assignedTo=35df9767-5413-4ddb-b360-4f3d585db38f closerId=c31d51be-0ced-418c-b353-026cb667a864
[2026-03-03T11:37:05.070Z] OK create row=110 leadId=d94fb446-3bb1-4ee0-8a68-83a6a5f61b42 assignedTo=05750ae8-e9bd-4635-8988-b042b3b83c40 closerId=1b1cc33f-1aea-4877-bc53-ca49d52ee764
[2026-03-03T11:37:05.420Z] OK create row=111 leadId=d6c69306-c8a1-457b-9211-9e9aec183c6f assignedTo=87daaaca-41f4-475e-9304-d23bb7f0085c closerId=26b6c2d6-6377-45ac-a760-9705984ac6f8
[2026-03-03T11:37:05.747Z] OK create row=112 leadId=52a35868-0d2b-44ff-b042-0d3b057499cc assignedTo=84183a6a-71f1-48b5-a6a7-4b3ccbc7e16b closerId=7d20b50d-819e-4f41-82bf-898511aab581
[2026-03-03T11:37:06.061Z] OK create row=113 leadId=f9102b50-f440-49f3-8f9f-02d7df1c6401 assignedTo=35df9767-5413-4ddb-b360-4f3d585db38f closerId=c31d51be-0ced-418c-b353-026cb667a864
[2026-03-03T11:37:06.403Z] OK create row=114 leadId=31d06a78-67f7-4844-8153-1697473d3367 assignedTo=05750ae8-e9bd-4635-8988-b042b3b83c40 closerId=1b1cc33f-1aea-4877-bc53-ca49d52ee764
[2026-03-03T11:37:06.729Z] OK create row=115 leadId=43839113-b778-4269-bf02-d0b3013a0ff3 assignedTo=87daaaca-41f4-475e-9304-d23bb7f0085c closerId=26b6c2d6-6377-45ac-a760-9705984ac6f8
[2026-03-03T11:37:07.058Z] OK create row=116 leadId=b3d25ab1-f575-4b71-a063-8ef16df85f2d assignedTo=84183a6a-71f1-48b5-a6a7-4b3ccbc7e16b closerId=7d20b50d-819e-4f41-82bf-898511aab581
[2026-03-03T11:37:07.380Z] OK create row=117 leadId=7e748ff9-fae5-457d-8fbf-b22d1d93a4e1 assignedTo=35df9767-5413-4ddb-b360-4f3d585db38f closerId=c31d51be-0ced-418c-b353-026cb667a864
[2026-03-03T11:37:07.710Z] OK create row=118 leadId=9eb4ed6a-4bed-47ef-a155-0f63b40d3577 assignedTo=05750ae8-e9bd-4635-8988-b042b3b83c40 closerId=1b1cc33f-1aea-4877-bc53-ca49d52ee764
[2026-03-03T11:37:08.008Z] OK create row=119 leadId=ab62a850-acc3-4880-9aee-7485201b24ab assignedTo=87daaaca-41f4-475e-9304-d23bb7f0085c closerId=26b6c2d6-6377-45ac-a760-9705984ac6f8
[2026-03-03T11:37:08.344Z] OK create row=120 leadId=acac3bda-afc5-4a3a-ae4b-125c62af2723 assignedTo=84183a6a-71f1-48b5-a6a7-4b3ccbc7e16b closerId=7d20b50d-819e-4f41-82bf-898511aab581
[2026-03-03T11:37:08.683Z] OK create row=121 leadId=56f141e6-aef3-42b0-a747-cdcb66db8218 assignedTo=35df9767-5413-4ddb-b360-4f3d585db38f closerId=c31d51be-0ced-418c-b353-026cb667a864
[2026-03-03T11:37:08.998Z] OK create row=122 leadId=939e2c76-4192-43bb-9e09-80ef8d7ea27c assignedTo=05750ae8-e9bd-4635-8988-b042b3b83c40 closerId=1b1cc33f-1aea-4877-bc53-ca49d52ee764
[2026-03-03T11:37:09.337Z] OK create row=123 leadId=68e3edeb-f742-4189-9e43-adeeb09e0937 assignedTo=87daaaca-41f4-475e-9304-d23bb7f0085c closerId=26b6c2d6-6377-45ac-a760-9705984ac6f8
[2026-03-03T11:37:09.677Z] OK create row=124 leadId=3cd569c7-fd04-4a36-a408-9f4eed4107ae assignedTo=84183a6a-71f1-48b5-a6a7-4b3ccbc7e16b closerId=7d20b50d-819e-4f41-82bf-898511aab581
[2026-03-03T11:37:10.015Z] OK create row=125 leadId=8f9fc6e6-9758-4603-b4c3-5d099ab85259 assignedTo=35df9767-5413-4ddb-b360-4f3d585db38f closerId=c31d51be-0ced-418c-b353-026cb667a864
[2026-03-03T11:37:10.349Z] OK create row=126 leadId=925cd6d1-fbf4-40d3-9e0c-0266729ba258 assignedTo=05750ae8-e9bd-4635-8988-b042b3b83c40 closerId=1b1cc33f-1aea-4877-bc53-ca49d52ee764
[2026-03-03T11:37:10.688Z] OK create row=127 leadId=fa15dd1a-0636-4e27-80c4-686fabdfc873 assignedTo=87daaaca-41f4-475e-9304-d23bb7f0085c closerId=26b6c2d6-6377-45ac-a760-9705984ac6f8
[2026-03-03T11:37:11.006Z] OK create row=128 leadId=7779df34-fe77-4eb3-9afb-743ab0c89916 assignedTo=84183a6a-71f1-48b5-a6a7-4b3ccbc7e16b closerId=7d20b50d-819e-4f41-82bf-898511aab581
[2026-03-03T11:37:11.007Z] SKIP duplicate row=129 name="Magno Magno Botao"
[2026-03-03T11:37:11.340Z] OK create row=130 leadId=f4638783-c3dd-4423-abce-b25934117e35 assignedTo=35df9767-5413-4ddb-b360-4f3d585db38f closerId=c31d51be-0ced-418c-b353-026cb667a864
[2026-03-03T11:37:11.681Z] OK create row=131 leadId=a6b2a899-5a80-4593-914c-311c814712af assignedTo=05750ae8-e9bd-4635-8988-b042b3b83c40 closerId=1b1cc33f-1aea-4877-bc53-ca49d52ee764
[2026-03-03T11:37:12.007Z] OK create row=132 leadId=08a61269-2b0c-4f90-ba08-4ddcf6b37dd3 assignedTo=87daaaca-41f4-475e-9304-d23bb7f0085c closerId=26b6c2d6-6377-45ac-a760-9705984ac6f8
[2026-03-03T11:37:12.343Z] OK create row=133 leadId=dcc68fe9-b22c-4b58-a58f-ba8950d234c7 assignedTo=84183a6a-71f1-48b5-a6a7-4b3ccbc7e16b closerId=7d20b50d-819e-4f41-82bf-898511aab581
[2026-03-03T11:37:12.676Z] OK create row=134 leadId=0392bc43-f526-4b04-8988-fd68fbf12b6c assignedTo=35df9767-5413-4ddb-b360-4f3d585db38f closerId=c31d51be-0ced-418c-b353-026cb667a864
[2026-03-03T11:37:13.024Z] OK create row=135 leadId=c82d5875-1aeb-472d-bcd0-d127fa06915d assignedTo=05750ae8-e9bd-4635-8988-b042b3b83c40 closerId=1b1cc33f-1aea-4877-bc53-ca49d52ee764
[2026-03-03T11:37:13.354Z] OK create row=136 leadId=e448fd18-c147-451b-873f-a7a87d091ceb assignedTo=87daaaca-41f4-475e-9304-d23bb7f0085c closerId=26b6c2d6-6377-45ac-a760-9705984ac6f8
[2026-03-03T11:37:13.676Z] OK create row=137 leadId=a6c067e8-663c-42df-b684-c24804818605 assignedTo=84183a6a-71f1-48b5-a6a7-4b3ccbc7e16b closerId=7d20b50d-819e-4f41-82bf-898511aab581
[2026-03-03T11:37:13.676Z] SKIP duplicate row=138 name="Adriano Falvo"
[2026-03-03T11:37:13.988Z] OK create row=139 leadId=ba88c4d0-9800-4b98-a6ea-9ce5187a2955 assignedTo=35df9767-5413-4ddb-b360-4f3d585db38f closerId=c31d51be-0ced-418c-b353-026cb667a864
[2026-03-03T11:37:14.326Z] OK create row=140 leadId=8963059d-1f33-4f4b-ad21-d065083f6fdd assignedTo=05750ae8-e9bd-4635-8988-b042b3b83c40 closerId=1b1cc33f-1aea-4877-bc53-ca49d52ee764
[2026-03-03T11:37:14.682Z] OK create row=141 leadId=9c7212ab-3b8a-47e3-85e6-bcd4db8d849a assignedTo=87daaaca-41f4-475e-9304-d23bb7f0085c closerId=26b6c2d6-6377-45ac-a760-9705984ac6f8
[2026-03-03T11:37:15.043Z] OK create row=142 leadId=9c3eb572-3e28-406e-9fed-a128631f37d6 assignedTo=84183a6a-71f1-48b5-a6a7-4b3ccbc7e16b closerId=7d20b50d-819e-4f41-82bf-898511aab581
[2026-03-03T11:37:15.363Z] OK create row=143 leadId=07b4afd1-52f1-4806-93e0-9b9a0e9b7993 assignedTo=35df9767-5413-4ddb-b360-4f3d585db38f closerId=c31d51be-0ced-418c-b353-026cb667a864
[2026-03-03T11:37:15.702Z] OK create row=144 leadId=0e74a617-d2aa-4d33-96de-3a6021d0bcb4 assignedTo=05750ae8-e9bd-4635-8988-b042b3b83c40 closerId=1b1cc33f-1aea-4877-bc53-ca49d52ee764
[2026-03-03T11:37:16.048Z] OK create row=145 leadId=2078348d-8928-4585-8aed-503fb7452f69 assignedTo=87daaaca-41f4-475e-9304-d23bb7f0085c closerId=26b6c2d6-6377-45ac-a760-9705984ac6f8
[2026-03-03T11:37:16.343Z] OK create row=146 leadId=cb005938-a8a0-430f-8334-1fa013766e5a assignedTo=84183a6a-71f1-48b5-a6a7-4b3ccbc7e16b closerId=7d20b50d-819e-4f41-82bf-898511aab581
[2026-03-03T11:37:16.668Z] OK create row=147 leadId=02f8924c-4c2d-4ef6-87e8-45944eb704ae assignedTo=35df9767-5413-4ddb-b360-4f3d585db38f closerId=c31d51be-0ced-418c-b353-026cb667a864
[2026-03-03T11:37:16.998Z] OK create row=148 leadId=d2cb4ae3-8280-41a2-ad64-6b7e48b75e76 assignedTo=05750ae8-e9bd-4635-8988-b042b3b83c40 closerId=1b1cc33f-1aea-4877-bc53-ca49d52ee764
[2026-03-03T11:37:17.324Z] OK create row=149 leadId=a2ccb706-bf9b-4493-90ee-9d121a7ab1d2 assignedTo=87daaaca-41f4-475e-9304-d23bb7f0085c closerId=26b6c2d6-6377-45ac-a760-9705984ac6f8
[2026-03-03T11:37:17.646Z] OK create row=150 leadId=474765a3-42ee-49a9-af11-75e211d2c739 assignedTo=84183a6a-71f1-48b5-a6a7-4b3ccbc7e16b closerId=7d20b50d-819e-4f41-82bf-898511aab581
[2026-03-03T11:37:17.968Z] OK create row=151 leadId=4601b67c-f1e2-4723-9c6e-7590be924f1d assignedTo=35df9767-5413-4ddb-b360-4f3d585db38f closerId=c31d51be-0ced-418c-b353-026cb667a864
[2026-03-03T11:37:18.294Z] OK create row=152 leadId=69120c11-16f5-4ff3-b87c-823c1395ee3c assignedTo=05750ae8-e9bd-4635-8988-b042b3b83c40 closerId=1b1cc33f-1aea-4877-bc53-ca49d52ee764
[2026-03-03T11:37:18.654Z] OK create row=153 leadId=ecf9b872-ca6e-447c-ae52-dce447f760cd assignedTo=87daaaca-41f4-475e-9304-d23bb7f0085c closerId=26b6c2d6-6377-45ac-a760-9705984ac6f8
[2026-03-03T11:37:19.005Z] OK create row=154 leadId=a8d48618-87e0-4623-a077-4912d9e942bf assignedTo=84183a6a-71f1-48b5-a6a7-4b3ccbc7e16b closerId=7d20b50d-819e-4f41-82bf-898511aab581
[2026-03-03T11:37:19.332Z] OK create row=155 leadId=424ba612-ee11-4b18-b764-a97cfeea9bc8 assignedTo=35df9767-5413-4ddb-b360-4f3d585db38f closerId=c31d51be-0ced-418c-b353-026cb667a864
[2026-03-03T11:37:19.670Z] OK create row=156 leadId=dc7dc980-e158-4f90-b128-582f2e08004e assignedTo=05750ae8-e9bd-4635-8988-b042b3b83c40 closerId=1b1cc33f-1aea-4877-bc53-ca49d52ee764
[2026-03-03T11:37:20.016Z] OK create row=157 leadId=0a0e6b68-4996-4ef3-8f5a-afbb18c4a6bb assignedTo=87daaaca-41f4-475e-9304-d23bb7f0085c closerId=26b6c2d6-6377-45ac-a760-9705984ac6f8
[2026-03-03T11:37:20.364Z] OK create row=158 leadId=cafe1b5f-bf4b-447f-b330-bfe3c28d7f38 assignedTo=84183a6a-71f1-48b5-a6a7-4b3ccbc7e16b closerId=7d20b50d-819e-4f41-82bf-898511aab581
[2026-03-03T11:37:20.693Z] OK create row=159 leadId=30952471-28f5-4fb0-8344-f9bf0cd736a4 assignedTo=35df9767-5413-4ddb-b360-4f3d585db38f closerId=c31d51be-0ced-418c-b353-026cb667a864
[2026-03-03T11:37:20.694Z] SKIP duplicate row=160 name="JOAO LADEIRA"
[2026-03-03T11:37:21.019Z] OK create row=161 leadId=ceba28ec-365b-4bc5-9b19-0b086b5f939f assignedTo=05750ae8-e9bd-4635-8988-b042b3b83c40 closerId=1b1cc33f-1aea-4877-bc53-ca49d52ee764
[2026-03-03T11:37:21.337Z] OK create row=162 leadId=2e7e5c62-a3ee-4b3c-a07f-83b1d6b5b5a6 assignedTo=87daaaca-41f4-475e-9304-d23bb7f0085c closerId=26b6c2d6-6377-45ac-a760-9705984ac6f8
[2026-03-03T11:37:21.675Z] OK create row=163 leadId=f169e7a0-48d5-40ae-a208-ba1d5f086625 assignedTo=84183a6a-71f1-48b5-a6a7-4b3ccbc7e16b closerId=7d20b50d-819e-4f41-82bf-898511aab581
[2026-03-03T11:37:22.028Z] OK create row=164 leadId=82d1c4eb-f3b5-4f56-bcc2-36cb4650926f assignedTo=35df9767-5413-4ddb-b360-4f3d585db38f closerId=c31d51be-0ced-418c-b353-026cb667a864
[2026-03-03T11:37:22.028Z] SKIP duplicate row=165 name="Hector Gatto Pavim"
[2026-03-03T11:37:22.343Z] OK create row=166 leadId=b1f0c053-8477-4f5f-860c-8aaa392ba2cb assignedTo=05750ae8-e9bd-4635-8988-b042b3b83c40 closerId=1b1cc33f-1aea-4877-bc53-ca49d52ee764
[2026-03-03T11:37:22.669Z] OK create row=167 leadId=11de6c7c-fa96-4ef6-bd9b-fd6fec112d86 assignedTo=87daaaca-41f4-475e-9304-d23bb7f0085c closerId=26b6c2d6-6377-45ac-a760-9705984ac6f8
[2026-03-03T11:37:22.988Z] OK create row=168 leadId=1b024e69-84c3-45be-9fc3-78c777341085 assignedTo=84183a6a-71f1-48b5-a6a7-4b3ccbc7e16b closerId=7d20b50d-819e-4f41-82bf-898511aab581
[2026-03-03T11:37:23.329Z] OK create row=169 leadId=867cfce2-ce4f-48df-b4b5-075b072fa083 assignedTo=35df9767-5413-4ddb-b360-4f3d585db38f closerId=c31d51be-0ced-418c-b353-026cb667a864
[2026-03-03T11:37:23.659Z] OK create row=170 leadId=4ab73ca9-3544-426d-82f9-ae8f554892eb assignedTo=05750ae8-e9bd-4635-8988-b042b3b83c40 closerId=1b1cc33f-1aea-4877-bc53-ca49d52ee764
[2026-03-03T11:37:23.992Z] OK create row=171 leadId=65be4f6a-b18d-4b4e-974a-c481f40c7566 assignedTo=87daaaca-41f4-475e-9304-d23bb7f0085c closerId=26b6c2d6-6377-45ac-a760-9705984ac6f8
[2026-03-03T11:37:24.325Z] OK create row=172 leadId=2fa0f5bf-cdcd-447d-b4d2-460b0e449208 assignedTo=84183a6a-71f1-48b5-a6a7-4b3ccbc7e16b closerId=7d20b50d-819e-4f41-82bf-898511aab581
[2026-03-03T11:37:24.666Z] OK create row=173 leadId=53f553b0-6f65-433f-b99d-4c5720641307 assignedTo=35df9767-5413-4ddb-b360-4f3d585db38f closerId=c31d51be-0ced-418c-b353-026cb667a864
[2026-03-03T11:37:24.994Z] OK create row=174 leadId=cfdbb03b-f120-4216-9d96-4f85e0ea00d4 assignedTo=05750ae8-e9bd-4635-8988-b042b3b83c40 closerId=1b1cc33f-1aea-4877-bc53-ca49d52ee764
[2026-03-03T11:37:25.320Z] OK create row=175 leadId=6a3b82dc-bdaa-482a-9828-d5ba49f07107 assignedTo=87daaaca-41f4-475e-9304-d23bb7f0085c closerId=26b6c2d6-6377-45ac-a760-9705984ac6f8
[2026-03-03T11:37:25.662Z] OK create row=176 leadId=50295330-f2af-4ccb-95e6-91ec382c6ff3 assignedTo=84183a6a-71f1-48b5-a6a7-4b3ccbc7e16b closerId=7d20b50d-819e-4f41-82bf-898511aab581
[2026-03-03T11:37:26.008Z] OK create row=177 leadId=8c1601bc-2a28-4495-a894-c1d28cce5c35 assignedTo=35df9767-5413-4ddb-b360-4f3d585db38f closerId=c31d51be-0ced-418c-b353-026cb667a864
[2026-03-03T11:37:26.357Z] OK create row=178 leadId=63b01a24-c4c7-4fbd-b4ab-d576adc6411e assignedTo=05750ae8-e9bd-4635-8988-b042b3b83c40 closerId=1b1cc33f-1aea-4877-bc53-ca49d52ee764
[2026-03-03T11:37:26.717Z] OK create row=179 leadId=5bd8421b-25b5-42b2-9406-a063bf19d3ca assignedTo=87daaaca-41f4-475e-9304-d23bb7f0085c closerId=26b6c2d6-6377-45ac-a760-9705984ac6f8
[2026-03-03T11:37:27.067Z] OK create row=180 leadId=8700b882-85ac-49a9-9481-7bf38a551405 assignedTo=84183a6a-71f1-48b5-a6a7-4b3ccbc7e16b closerId=7d20b50d-819e-4f41-82bf-898511aab581
[2026-03-03T11:37:27.410Z] OK create row=181 leadId=e7b35fb8-9f36-4fe5-b58c-f85094ef5880 assignedTo=35df9767-5413-4ddb-b360-4f3d585db38f closerId=c31d51be-0ced-418c-b353-026cb667a864
[2026-03-03T11:37:27.759Z] OK create row=182 leadId=c3914c9d-ba92-4969-944b-4ea15871e49d assignedTo=05750ae8-e9bd-4635-8988-b042b3b83c40 closerId=1b1cc33f-1aea-4877-bc53-ca49d52ee764
[2026-03-03T11:37:28.071Z] OK create row=183 leadId=64cdd563-7ee6-41e2-8498-44eb78f378dc assignedTo=87daaaca-41f4-475e-9304-d23bb7f0085c closerId=26b6c2d6-6377-45ac-a760-9705984ac6f8
[2026-03-03T11:37:28.397Z] OK create row=184 leadId=3ae9b48c-8f41-4cba-b2e0-007fa0da18c5 assignedTo=84183a6a-71f1-48b5-a6a7-4b3ccbc7e16b closerId=7d20b50d-819e-4f41-82bf-898511aab581
[2026-03-03T11:37:28.754Z] OK create row=185 leadId=5e9d2e95-df1f-488c-9a7c-e099fc068920 assignedTo=35df9767-5413-4ddb-b360-4f3d585db38f closerId=c31d51be-0ced-418c-b353-026cb667a864
[2026-03-03T11:37:29.096Z] OK create row=186 leadId=449118c2-c1db-4721-8228-c65698531548 assignedTo=05750ae8-e9bd-4635-8988-b042b3b83c40 closerId=1b1cc33f-1aea-4877-bc53-ca49d52ee764
[2026-03-03T11:37:29.414Z] OK create row=187 leadId=8d1b76e9-bc33-4f54-857d-a5c063ef9194 assignedTo=87daaaca-41f4-475e-9304-d23bb7f0085c closerId=26b6c2d6-6377-45ac-a760-9705984ac6f8
[2026-03-03T11:37:29.736Z] OK create row=188 leadId=7ae50f88-3491-4c73-99e0-2f1a332ce959 assignedTo=84183a6a-71f1-48b5-a6a7-4b3ccbc7e16b closerId=7d20b50d-819e-4f41-82bf-898511aab581
[2026-03-03T11:37:30.066Z] OK create row=189 leadId=14092f64-f8ab-4b81-99b4-a608aef6c1c0 assignedTo=35df9767-5413-4ddb-b360-4f3d585db38f closerId=c31d51be-0ced-418c-b353-026cb667a864
[2026-03-03T11:37:30.396Z] OK create row=190 leadId=3fdaa1ed-64f1-47d5-aed1-d7aae4ffb442 assignedTo=05750ae8-e9bd-4635-8988-b042b3b83c40 closerId=1b1cc33f-1aea-4877-bc53-ca49d52ee764
[2026-03-03T11:37:30.726Z] OK create row=191 leadId=4a239095-e799-4a36-8841-2d6be918d94a assignedTo=87daaaca-41f4-475e-9304-d23bb7f0085c closerId=26b6c2d6-6377-45ac-a760-9705984ac6f8
[2026-03-03T11:37:31.055Z] OK create row=192 leadId=6490a26c-9b7c-4456-9819-e07d0ed51f71 assignedTo=84183a6a-71f1-48b5-a6a7-4b3ccbc7e16b closerId=7d20b50d-819e-4f41-82bf-898511aab581
[2026-03-03T11:37:31.396Z] OK create row=193 leadId=959642d4-14f6-4a11-8e3a-360f0db1dbd6 assignedTo=35df9767-5413-4ddb-b360-4f3d585db38f closerId=c31d51be-0ced-418c-b353-026cb667a864
[2026-03-03T11:37:31.396Z] SKIP duplicate row=194 name="Felipe Moura Camara"
[2026-03-03T11:37:31.397Z] SKIP duplicate row=195 name="DANIEL LOPES AMARAL"
[2026-03-03T11:37:31.722Z] OK create row=196 leadId=4f4ebb49-8fac-49b1-a5ac-c95b23dab994 assignedTo=05750ae8-e9bd-4635-8988-b042b3b83c40 closerId=1b1cc33f-1aea-4877-bc53-ca49d52ee764
[2026-03-03T11:37:32.055Z] OK create row=197 leadId=82a343c1-8889-4cb9-b3ae-352e49786f42 assignedTo=87daaaca-41f4-475e-9304-d23bb7f0085c closerId=26b6c2d6-6377-45ac-a760-9705984ac6f8
[2026-03-03T11:37:32.405Z] OK create row=198 leadId=7899c2f5-d51c-41d1-8889-c55bc84db1ce assignedTo=84183a6a-71f1-48b5-a6a7-4b3ccbc7e16b closerId=7d20b50d-819e-4f41-82bf-898511aab581
[2026-03-03T11:37:32.734Z] OK create row=199 leadId=8434c944-e9f6-414c-ae89-c12413b3e9f0 assignedTo=35df9767-5413-4ddb-b360-4f3d585db38f closerId=c31d51be-0ced-418c-b353-026cb667a864
[2026-03-03T11:37:33.064Z] OK create row=200 leadId=cca4024a-3316-44e2-9508-b91ab3ef5ac6 assignedTo=05750ae8-e9bd-4635-8988-b042b3b83c40 closerId=1b1cc33f-1aea-4877-bc53-ca49d52ee764
[2026-03-03T11:37:33.367Z] OK create row=201 leadId=dca6a618-2669-448a-9080-3a468deccad2 assignedTo=87daaaca-41f4-475e-9304-d23bb7f0085c closerId=26b6c2d6-6377-45ac-a760-9705984ac6f8
[2026-03-03T11:37:33.704Z] OK create row=202 leadId=293c64db-4b05-49bf-a5a3-cd816813af34 assignedTo=84183a6a-71f1-48b5-a6a7-4b3ccbc7e16b closerId=7d20b50d-819e-4f41-82bf-898511aab581
[2026-03-03T11:37:34.057Z] OK create row=203 leadId=a843e3a8-927f-4c16-b9ab-af6695dedf03 assignedTo=35df9767-5413-4ddb-b360-4f3d585db38f closerId=c31d51be-0ced-418c-b353-026cb667a864
[2026-03-03T11:37:34.395Z] OK create row=204 leadId=56bcbd06-f828-4ee6-b2a5-3b4074a75057 assignedTo=05750ae8-e9bd-4635-8988-b042b3b83c40 closerId=1b1cc33f-1aea-4877-bc53-ca49d52ee764
[2026-03-03T11:37:34.740Z] OK create row=205 leadId=cd74fbd6-866c-4bb9-92d4-0184cb5df3ec assignedTo=87daaaca-41f4-475e-9304-d23bb7f0085c closerId=26b6c2d6-6377-45ac-a760-9705984ac6f8
[2026-03-03T11:37:35.083Z] OK create row=206 leadId=7fdf77c1-fa27-4ff8-a12a-0d60b789b2f3 assignedTo=84183a6a-71f1-48b5-a6a7-4b3ccbc7e16b closerId=7d20b50d-819e-4f41-82bf-898511aab581
[2026-03-03T11:37:35.412Z] OK create row=207 leadId=7f7a6511-15b5-4297-aac2-a0baac8a6bc3 assignedTo=35df9767-5413-4ddb-b360-4f3d585db38f closerId=c31d51be-0ced-418c-b353-026cb667a864
[2026-03-03T11:37:35.737Z] OK create row=208 leadId=e9b2d214-eaea-4bb9-bddd-0bb9c1c082bb assignedTo=05750ae8-e9bd-4635-8988-b042b3b83c40 closerId=1b1cc33f-1aea-4877-bc53-ca49d52ee764
[2026-03-03T11:37:36.071Z] OK create row=209 leadId=b07dcfc9-d614-4041-8661-249895b2879d assignedTo=87daaaca-41f4-475e-9304-d23bb7f0085c closerId=26b6c2d6-6377-45ac-a760-9705984ac6f8
[2026-03-03T11:37:36.398Z] OK create row=210 leadId=7494c89f-ee15-461e-9729-027fe797b153 assignedTo=84183a6a-71f1-48b5-a6a7-4b3ccbc7e16b closerId=7d20b50d-819e-4f41-82bf-898511aab581
[2026-03-03T11:37:36.711Z] OK create row=211 leadId=cea2285e-d929-48b8-9549-910f3a074398 assignedTo=35df9767-5413-4ddb-b360-4f3d585db38f closerId=c31d51be-0ced-418c-b353-026cb667a864
[2026-03-03T11:37:37.035Z] OK create row=212 leadId=a8415cdf-cb58-4adb-9d31-8912be88fed9 assignedTo=05750ae8-e9bd-4635-8988-b042b3b83c40 closerId=1b1cc33f-1aea-4877-bc53-ca49d52ee764
[2026-03-03T11:37:37.352Z] OK create row=213 leadId=1f6e970c-fef3-4449-8302-c0e06bb72114 assignedTo=87daaaca-41f4-475e-9304-d23bb7f0085c closerId=26b6c2d6-6377-45ac-a760-9705984ac6f8
[2026-03-03T11:37:37.678Z] OK create row=214 leadId=820518fb-0df4-4b9b-924e-15faf3aacda8 assignedTo=84183a6a-71f1-48b5-a6a7-4b3ccbc7e16b closerId=7d20b50d-819e-4f41-82bf-898511aab581
[2026-03-03T11:37:38.015Z] OK create row=215 leadId=352bbfe2-df88-413d-b77c-2e0aa70948e0 assignedTo=35df9767-5413-4ddb-b360-4f3d585db38f closerId=c31d51be-0ced-418c-b353-026cb667a864
[2026-03-03T11:37:38.369Z] OK create row=216 leadId=54fdcfcc-0c48-4a7c-b643-eacc16ed7434 assignedTo=05750ae8-e9bd-4635-8988-b042b3b83c40 closerId=1b1cc33f-1aea-4877-bc53-ca49d52ee764
[2026-03-03T11:37:38.709Z] OK create row=217 leadId=ac4b5c76-25f9-4a06-92fb-786ac627ab6a assignedTo=87daaaca-41f4-475e-9304-d23bb7f0085c closerId=26b6c2d6-6377-45ac-a760-9705984ac6f8
[2026-03-03T11:37:39.074Z] OK create row=218 leadId=f998eefe-d388-43d7-82f4-2a3b4cd37e6a assignedTo=84183a6a-71f1-48b5-a6a7-4b3ccbc7e16b closerId=7d20b50d-819e-4f41-82bf-898511aab581
[2026-03-03T11:37:39.428Z] OK create row=219 leadId=2749e908-938a-4b2b-8609-edccb7d84361 assignedTo=35df9767-5413-4ddb-b360-4f3d585db38f closerId=c31d51be-0ced-418c-b353-026cb667a864
[2026-03-03T11:37:39.784Z] OK create row=220 leadId=47ae98fb-11cf-4d83-9bed-740f1f879039 assignedTo=05750ae8-e9bd-4635-8988-b042b3b83c40 closerId=1b1cc33f-1aea-4877-bc53-ca49d52ee764
[2026-03-03T11:37:40.126Z] OK create row=221 leadId=b5cb64a1-b77e-41a9-98c7-44ae71a81751 assignedTo=87daaaca-41f4-475e-9304-d23bb7f0085c closerId=26b6c2d6-6377-45ac-a760-9705984ac6f8
[2026-03-03T11:37:40.485Z] OK create row=222 leadId=727a0f61-1486-4b9d-94eb-6725ac2a5b33 assignedTo=84183a6a-71f1-48b5-a6a7-4b3ccbc7e16b closerId=7d20b50d-819e-4f41-82bf-898511aab581
[2026-03-03T11:37:40.831Z] OK create row=223 leadId=07be2ce7-141c-44dd-aaaf-58297fac8bcf assignedTo=35df9767-5413-4ddb-b360-4f3d585db38f closerId=c31d51be-0ced-418c-b353-026cb667a864
[2026-03-03T11:37:41.167Z] OK create row=224 leadId=72ab99f3-3b92-4497-aec4-ccca2a33f326 assignedTo=05750ae8-e9bd-4635-8988-b042b3b83c40 closerId=1b1cc33f-1aea-4877-bc53-ca49d52ee764
[2026-03-03T11:37:41.494Z] OK create row=225 leadId=4940bb2b-4aba-4060-89e2-67658b955dee assignedTo=87daaaca-41f4-475e-9304-d23bb7f0085c closerId=26b6c2d6-6377-45ac-a760-9705984ac6f8
[2026-03-03T11:37:41.824Z] OK create row=226 leadId=e0f72a69-f25e-4429-a996-01801a9fc86f assignedTo=84183a6a-71f1-48b5-a6a7-4b3ccbc7e16b closerId=7d20b50d-819e-4f41-82bf-898511aab581
[2026-03-03T11:37:42.143Z] OK create row=227 leadId=98008e83-17b7-44e6-ae98-6968736cae0c assignedTo=35df9767-5413-4ddb-b360-4f3d585db38f closerId=c31d51be-0ced-418c-b353-026cb667a864
[2026-03-03T11:37:42.464Z] OK create row=228 leadId=710eadbc-60e2-48a4-ae3e-51f804022609 assignedTo=05750ae8-e9bd-4635-8988-b042b3b83c40 closerId=1b1cc33f-1aea-4877-bc53-ca49d52ee764
[2026-03-03T11:37:42.790Z] OK create row=229 leadId=ff0ecf1c-6020-4807-83fc-504eddebfe5b assignedTo=87daaaca-41f4-475e-9304-d23bb7f0085c closerId=26b6c2d6-6377-45ac-a760-9705984ac6f8
[2026-03-03T11:37:43.116Z] OK create row=230 leadId=78fbfddb-e337-410d-8fb9-daf820434723 assignedTo=84183a6a-71f1-48b5-a6a7-4b3ccbc7e16b closerId=7d20b50d-819e-4f41-82bf-898511aab581
[2026-03-03T11:37:43.406Z] OK create row=231 leadId=04b3fb05-521c-4e61-8694-51b2d928d6bf assignedTo=35df9767-5413-4ddb-b360-4f3d585db38f closerId=c31d51be-0ced-418c-b353-026cb667a864
[2026-03-03T11:37:43.734Z] OK create row=232 leadId=3e764133-5aa4-49e9-a202-6623f92b2beb assignedTo=05750ae8-e9bd-4635-8988-b042b3b83c40 closerId=1b1cc33f-1aea-4877-bc53-ca49d52ee764
[2026-03-03T11:37:44.068Z] OK create row=233 leadId=411bc035-e351-4352-929d-3de895b57610 assignedTo=87daaaca-41f4-475e-9304-d23bb7f0085c closerId=26b6c2d6-6377-45ac-a760-9705984ac6f8
[2026-03-03T11:37:44.391Z] OK create row=234 leadId=a606aa63-7d96-4684-b296-8b880ffe6f45 assignedTo=84183a6a-71f1-48b5-a6a7-4b3ccbc7e16b closerId=7d20b50d-819e-4f41-82bf-898511aab581
[2026-03-03T11:37:44.741Z] OK create row=235 leadId=07cb946f-fc69-4bb3-8c99-9f6b0d8ce276 assignedTo=35df9767-5413-4ddb-b360-4f3d585db38f closerId=c31d51be-0ced-418c-b353-026cb667a864
[2026-03-03T11:37:45.076Z] OK create row=236 leadId=8434942c-f746-4201-8aba-3ad483da0a2b assignedTo=05750ae8-e9bd-4635-8988-b042b3b83c40 closerId=1b1cc33f-1aea-4877-bc53-ca49d52ee764
[2026-03-03T11:37:45.414Z] OK create row=237 leadId=8f1ec2c3-0dbf-4945-a98f-e25dab86e58a assignedTo=87daaaca-41f4-475e-9304-d23bb7f0085c closerId=26b6c2d6-6377-45ac-a760-9705984ac6f8
[2026-03-03T11:37:45.735Z] OK create row=238 leadId=68e81d86-457f-4c56-a20d-4afa7838ae5f assignedTo=84183a6a-71f1-48b5-a6a7-4b3ccbc7e16b closerId=7d20b50d-819e-4f41-82bf-898511aab581
[2026-03-03T11:37:46.065Z] OK create row=239 leadId=19ee161d-7764-4581-8ec7-239525284fc1 assignedTo=35df9767-5413-4ddb-b360-4f3d585db38f closerId=c31d51be-0ced-418c-b353-026cb667a864
[2026-03-03T11:37:46.391Z] OK create row=240 leadId=61192709-3567-4594-a40a-614166b6538e assignedTo=05750ae8-e9bd-4635-8988-b042b3b83c40 closerId=1b1cc33f-1aea-4877-bc53-ca49d52ee764
[2026-03-03T11:37:46.733Z] OK create row=241 leadId=b2415a40-d525-423a-b69e-599a748c27bc assignedTo=87daaaca-41f4-475e-9304-d23bb7f0085c closerId=26b6c2d6-6377-45ac-a760-9705984ac6f8
[2026-03-03T11:37:47.074Z] OK create row=242 leadId=d41e13a3-8c10-4d5e-b622-37f05dfaab0c assignedTo=84183a6a-71f1-48b5-a6a7-4b3ccbc7e16b closerId=7d20b50d-819e-4f41-82bf-898511aab581
[2026-03-03T11:37:47.405Z] OK create row=243 leadId=80158105-e086-4b32-9d79-577e85121cb7 assignedTo=35df9767-5413-4ddb-b360-4f3d585db38f closerId=c31d51be-0ced-418c-b353-026cb667a864
[2026-03-03T11:37:47.728Z] OK create row=244 leadId=6bb75b3e-191e-412b-8fab-3465137f321f assignedTo=05750ae8-e9bd-4635-8988-b042b3b83c40 closerId=1b1cc33f-1aea-4877-bc53-ca49d52ee764
[2026-03-03T11:37:48.042Z] OK create row=245 leadId=ce351794-6898-4066-957d-fbc548dc9585 assignedTo=87daaaca-41f4-475e-9304-d23bb7f0085c closerId=26b6c2d6-6377-45ac-a760-9705984ac6f8
[2026-03-03T11:37:48.367Z] OK create row=246 leadId=0d17db00-ce7f-4a48-90e4-9c32354fb010 assignedTo=84183a6a-71f1-48b5-a6a7-4b3ccbc7e16b closerId=7d20b50d-819e-4f41-82bf-898511aab581
[2026-03-03T11:37:48.697Z] OK create row=247 leadId=73d5e300-23bc-4a87-9671-d038385303e4 assignedTo=35df9767-5413-4ddb-b360-4f3d585db38f closerId=c31d51be-0ced-418c-b353-026cb667a864
[2026-03-03T11:37:49.015Z] OK create row=248 leadId=ba57f120-e52d-4145-b980-82eebfb27cb1 assignedTo=05750ae8-e9bd-4635-8988-b042b3b83c40 closerId=1b1cc33f-1aea-4877-bc53-ca49d52ee764
[2026-03-03T11:37:49.344Z] OK create row=249 leadId=04b30238-3d55-4bb4-b7fb-c73943011598 assignedTo=87daaaca-41f4-475e-9304-d23bb7f0085c closerId=26b6c2d6-6377-45ac-a760-9705984ac6f8
[2026-03-03T11:37:49.678Z] OK create row=250 leadId=23ca9eef-642e-4d33-a499-f0aae4385b68 assignedTo=84183a6a-71f1-48b5-a6a7-4b3ccbc7e16b closerId=7d20b50d-819e-4f41-82bf-898511aab581
[2026-03-03T11:37:50.023Z] OK create row=251 leadId=93bae8aa-01d4-4601-9372-5b6db09a5b32 assignedTo=35df9767-5413-4ddb-b360-4f3d585db38f closerId=c31d51be-0ced-418c-b353-026cb667a864
[2026-03-03T11:37:50.338Z] OK create row=252 leadId=da386e65-19f7-4419-8958-c46af2ebcec9 assignedTo=05750ae8-e9bd-4635-8988-b042b3b83c40 closerId=1b1cc33f-1aea-4877-bc53-ca49d52ee764
[2026-03-03T11:37:50.658Z] OK create row=253 leadId=9368d223-acfe-4204-acfc-1718e1ce2a14 assignedTo=87daaaca-41f4-475e-9304-d23bb7f0085c closerId=26b6c2d6-6377-45ac-a760-9705984ac6f8
[2026-03-03T11:37:50.984Z] OK create row=254 leadId=a48981ea-1e4a-47f6-9ddd-6f67f65827f3 assignedTo=84183a6a-71f1-48b5-a6a7-4b3ccbc7e16b closerId=7d20b50d-819e-4f41-82bf-898511aab581
[2026-03-03T11:37:50.984Z] SUMMARY {"parsedRows":251,"skippedMissingName":0,"created":244,"skippedDuplicate":7,"sanitized":7,"failed":0,"dryRun":false}
[2026-03-03T11:37:50.986Z] --- END import-onside-backstage-leads ---
